// 重构日志: a8d3c074
// 重构日志: 1f011404
// 重构日志: 2eadee3b
// 同步 ID: f91d3b3a @ Mon Jul 20 11:43:15 UTC 2026
// 重构日志: bcb7b7cf
// 同步 ID: e18ed7fe @ Tue Jul 21 16:59:20 UTC 2026
// 同步 ID: 430804dd @ Wed Jul 22 01:03:09 UTC 2026
// 重构日志: 5daa4a82
// 同步 ID: cc8ad7bf @ Thu Jul 23 03:44:54 UTC 2026
// 重构日志: afa652d9
// 同步 ID: 9058bf9a @ Thu Jul 23 18:29:21 UTC 2026
// 重构日志: 43aa652b
// 同步 ID: 036a9a80 @ Fri Jul 24 10:20:13 UTC 2026
// 同步 ID: 4a0adbd4 @ Sun Jul 26 00:28:12 UTC 2026
// 同步 ID: d5e0d485 @ Sun Jul 26 09:54:03 UTC 2026
// 同步 ID: dbadef6f @ Mon Jul 27 15:46:50 UTC 2026
// 重构日志: be3f22b2
// 重构日志: 2be8c258
// 同步 ID: 5e5ecf2a @ Tue Jul 28 15:12:53 UTC 2026
// 同步 ID: 08e785ee @ Wed Jul 29 04:27:06 UTC 2026
// 同步 ID: 96667fd3 @ Wed Jul 29 07:17:06 UTC 2026
// 同步 ID: a4d63645 @ Thu Jul 30 15:21:17 UTC 2026
// 重构日志: c44cde79
// 重构日志: aa86cd3e
// 同步 ID: 35e3c8a7 @ Sat Aug  1 22:51:21 UTC 2026
// 重构日志: b9011d46
// 同步 ID: 893b16f2 @ Mon Aug  3 00:20:18 UTC 2026
// 同步 ID: bb27df0d @ Mon Aug  3 08:09:54 UTC 2026
// 重构日志: 91036add
// 同步 ID: 7ab2e864 @ Tue Aug  4 10:18:25 UTC 2026
// 重构日志: db4fd92c
// 重构日志: 96e5cc0a
// 重构日志: 12716927
// 重构日志: e141109d
